
Pro*C/C++: Release 12.1.0.2.0 - Production on Wed Oct 25 17:14:38 2017

Copyright (c) 1982, 2014, Oracle and/or its affiliates.  All rights reserved.

Error at line 0, column 0 in file ecams_effsend1.pc
PCC-F-02102, Fatal error while doing C preprocessing
Error at line 19, column 11 in file ecams_effsend1.pc
    19  #include        <ecamsapi.h>
    19  ..........1
    19  PCC-S-02015, unable to open include file
Error at line 20, column 10 in file ecams_effsend1.pc
    20  #include        <ecams_util.h>
    20  .........1
    20  PCC-S-02015, unable to open include file
Error at line 22, column 1 in file ecams_effsend1.pc
    22  EXEC SQL INCLUDE "ecams_acct.h";
    22  1
    22  PCC-S-02015, unable to open include file
Error at line 98, column 10 in file ecams_effsend1.pc
    98  CMD_INFO        CmdInfo                     ;
    98  .........1
    98  PCC-S-02201, Encountered the symbol "CmdInfo" when expecting one of the
         following:
        
           ; , = : ( [ * ? | & < > + - / % . ^ *= /= %= += -= <<= >>=
           &&= ||= ^= | & == != <= >= << >> ++ -- ->
        The symbol ";" was substituted for "CmdInfo" to continue.
        
