
Pro*C/C++: Release 12.1.0.2.0 - Production on Wed Oct 25 17:06:51 2017

Copyright (c) 1982, 2014, Oracle and/or its affiliates.  All rights reserved.

Error at line 0, column 0 in file ecams_tabconv.pc
PCC-F-02102, Fatal error while doing C preprocessing
Error at line 20, column 10 in file ecams_tabconv.pc
    20  #include        <ecamsapi.h>
    20  .........1
    20  PCC-S-02015, unable to open include file
Error at line 21, column 11 in file ecams_tabconv.pc
    21  #include        <ecams_util.h>
    21  ..........1
    21  PCC-S-02015, unable to open include file
Error at line 27, column 1 in file ecams_tabconv.pc
    27  EXEC SQL INCLUDE "ecams_acct.h";
    27  1
    27  PCC-S-02015, unable to open include file
Error at line 8793, column 23 in file ecams_tabconv.pc
  8793          if (LogPtr == (FILE *)NULL) {
  8793  ......................1
  8793  PCC-S-02201, Encountered the symbol ")" when expecting one of the follo
        wing:
        
           ( * & + - ~ ! ^ ++ -- ... sizeof, an identifier,
           a quoted string, a numeric constant,
        
